.\loadequilibrium.exe 
: 11:48:31.835160 
[loadequilibrium] 
starting
At line:1 char:59
+ ... nv:SCENARIO_MODE
="off"; 
.\loadequilibrium.exe 
> test.log 2>&1; 
Start- ...
+                     
        ~~~~~~~~~~~~~~
~~~~~~~~~~~~~~~~~~~~~~
~
    + CategoryInfo    
          : NotSpeci  
  fied: (11:48:31.8   
 35160...brium] st    
arting:String) []    
, RemoteException
    + FullyQualifiedE 
   rrorId : NativeCo  
  mmandError
 
11:48:31.836253 
[persistence] 
disabled (no 
DATABASE_URL)
11:48:31.836878 
[http] listening on 
:8080
11:48:31.836878 
[engine] started  
tick=2s  window=30  
maxSvc=200  workers=8 
 stochastic=exponentia
l  min=1s  max=10s
11:49:31.855230 
[engine] stage=prune  
      elapsed=0s 
ewma=0.00ms 
trend=+0.000ms/tick 
tick=30
11:49:31.855230 
[engine] 
stage=windows      
elapsed=0s 
ewma=0.00ms 
trend=+0.000ms/tick 
tick=30
11:50:31.873638 
[engine] stage=prune  
      elapsed=0s 
ewma=0.00ms 
trend=+0.000ms/tick 
tick=60
11:50:31.873638 
[engine] 
stage=windows      
elapsed=0s 
ewma=0.00ms 
trend=+0.000ms/tick 
tick=60
11:51:31.894755 
[engine] stage=prune  
      elapsed=0s 
ewma=0.02ms 
trend=+0.000ms/tick 
tick=90
11:51:31.894755 
[engine] 
stage=windows      
elapsed=0s 
ewma=0.00ms 
trend=+0.000ms/tick 
tick=90
11:52:31.910701 
[engine] stage=prune  
      elapsed=0s 
ewma=0.00ms 
trend=-0.000ms/tick 
tick=120
11:52:31.910701 
[engine] 
stage=windows      
elapsed=0s 
ewma=0.00ms 
trend=+0.000ms/tick 
tick=120
11:53:31.929390 
[engine] stage=prune  
      elapsed=0s 
ewma=0.00ms 
trend=-0.000ms/tick 
tick=150
11:53:31.929390 
[engine] 
stage=windows      
elapsed=0s 
ewma=0.00ms 
trend=+0.000ms/tick 
tick=150
11:54:31.946012 
[engine] stage=prune  
      elapsed=0s 
ewma=0.00ms 
trend=-0.000ms/tick 
tick=180
11:54:31.946012 
[engine] 
stage=windows      
elapsed=0s 
ewma=0.00ms 
trend=+0.000ms/tick 
tick=180
11:55:31.958250 
[engine] stage=prune  
      elapsed=0s 
ewma=0.00ms 
trend=-0.000ms/tick 
tick=210
11:55:31.958250 
[engine] 
stage=windows      
elapsed=0s 
ewma=0.00ms 
trend=+0.000ms/tick 
tick=210
11:56:31.985050 
[engine] stage=prune  
      elapsed=0s 
ewma=0.00ms 
trend=-0.000ms/tick 
tick=240
11:56:31.985050 
[engine] 
stage=windows      
elapsed=0s 
ewma=0.00ms 
trend=+0.000ms/tick 
tick=240
11:57:32.004275 
[engine] stage=prune  
      elapsed=0s 
ewma=0.00ms 
trend=-0.000ms/tick 
tick=270
11:57:32.004275 
[engine] 
stage=windows      
elapsed=0s 
ewma=0.00ms 
trend=+0.000ms/tick 
tick=270
11:58:32.021512 
[engine] stage=prune  
      elapsed=0s 
ewma=0.00ms 
trend=-0.000ms/tick 
tick=300
11:58:32.021512 
[engine] 
stage=windows      
elapsed=0s 
ewma=0.00ms 
trend=+0.000ms/tick 
tick=300
11:59:32.049970 
[engine] stage=prune  
      elapsed=0s 
ewma=0.00ms 
trend=-0.000ms/tick 
tick=330
11:59:32.049970 
[engine] 
stage=windows      
elapsed=0s 
ewma=0.00ms 
trend=+0.000ms/tick 
tick=330
12:00:32.066169 
[engine] stage=prune  
      elapsed=0s 
ewma=0.00ms 
trend=-0.000ms/tick 
tick=360
12:00:32.068389 
[engine] 
stage=windows      
elapsed=0s 
ewma=0.00ms 
trend=+0.000ms/tick 
tick=360
12:01:32.089785 
[engine] stage=prune  
      elapsed=0s 
ewma=0.00ms 
trend=-0.000ms/tick 
tick=390
12:01:32.089785 
[engine] 
stage=windows      
elapsed=0s 
ewma=0.00ms 
trend=+0.000ms/tick 
tick=390
12:02:32.110485 
[engine] stage=prune  
      elapsed=0s 
ewma=0.00ms 
trend=-0.000ms/tick 
tick=420
12:02:32.110485 
[engine] 
stage=windows      
elapsed=0s 
ewma=0.00ms 
trend=+0.000ms/tick 
tick=420
12:03:32.128904 
[engine] stage=prune  
      elapsed=0s 
ewma=0.00ms 
trend=-0.000ms/tick 
tick=450
12:03:32.128904 
[engine] 
stage=windows      
elapsed=0s 
ewma=0.00ms 
trend=+0.000ms/tick 
tick=450
12:04:32.145322 
[engine] stage=prune  
      elapsed=0s 
ewma=0.00ms 
trend=-0.000ms/tick 
tick=480
12:04:32.145322 
[engine] 
stage=windows      
elapsed=0s 
ewma=0.00ms 
trend=+0.000ms/tick 
tick=480
12:05:32.161600 
[engine] stage=prune  
      elapsed=0s 
ewma=0.00ms 
trend=-0.000ms/tick 
tick=510
12:05:32.161600 
[engine] 
stage=windows      
elapsed=0s 
ewma=0.00ms 
trend=+0.000ms/tick 
tick=510
12:06:32.181538 
[engine] stage=prune  
      elapsed=0s 
ewma=0.00ms 
trend=-0.000ms/tick 
tick=540
12:06:32.181538 
[engine] 
stage=windows      
elapsed=0s 
ewma=0.00ms 
trend=+0.000ms/tick 
tick=540
12:07:32.202055 
[engine] stage=prune  
      elapsed=0s 
ewma=0.00ms 
trend=-0.000ms/tick 
tick=570
12:07:32.202055 
[engine] 
stage=windows      
elapsed=0s 
ewma=0.00ms 
trend=+0.000ms/tick 
tick=570
12:08:32.226182 
[engine] stage=prune  
      elapsed=0s 
ewma=0.00ms 
trend=-0.000ms/tick 
tick=600
12:08:32.226182 
[engine] 
stage=windows      
elapsed=0s 
ewma=0.00ms 
trend=+0.000ms/tick 
tick=600
12:09:32.241123 
[engine] stage=prune  
      elapsed=0s 
ewma=0.00ms 
trend=-0.000ms/tick 
tick=630
12:09:32.241633 
[engine] 
stage=windows      
elapsed=0s 
ewma=0.00ms 
trend=+0.000ms/tick 
tick=630
12:10:32.261500 
[engine] stage=prune  
      elapsed=0s 
ewma=0.00ms 
trend=-0.000ms/tick 
tick=660
12:10:32.261922 
[engine] 
stage=windows      
elapsed=423┬╡s 
ewma=0.07ms 
trend=+0.003ms/tick 
tick=660
12:11:32.292227 
[engine] stage=prune  
      elapsed=0s 
ewma=0.00ms 
trend=-0.000ms/tick 
tick=690
12:11:32.292227 
[engine] 
stage=windows      
elapsed=0s 
ewma=0.00ms 
trend=-0.001ms/tick 
tick=690
12:12:32.313187 
[engine] stage=prune  
      elapsed=0s 
ewma=0.00ms 
trend=-0.000ms/tick 
tick=720
12:12:32.313187 
[engine] 
stage=windows      
elapsed=0s 
ewma=0.00ms 
trend=-0.000ms/tick 
tick=720
12:13:32.329363 
[engine] stage=prune  
      elapsed=0s 
ewma=0.00ms 
trend=-0.000ms/tick 
tick=750
12:13:32.329363 
[engine] 
stage=windows      
elapsed=0s 
ewma=0.00ms 
trend=-0.000ms/tick 
tick=750
12:14:32.346476 
[engine] stage=prune  
      elapsed=0s 
ewma=0.00ms 
trend=-0.000ms/tick 
tick=780
12:14:32.346476 
[engine] 
stage=windows      
elapsed=0s 
ewma=0.00ms 
trend=-0.000ms/tick 
tick=780
12:15:32.374269 
[engine] stage=prune  
      elapsed=0s 
ewma=0.00ms 
trend=-0.000ms/tick 
tick=810
12:15:32.374269 
[engine] 
stage=windows      
elapsed=0s 
ewma=0.00ms 
trend=-0.000ms/tick 
tick=810
12:16:32.409585 
[engine] stage=prune  
      elapsed=0s 
ewma=0.00ms 
trend=-0.000ms/tick 
tick=840
12:16:32.409585 
[engine] 
stage=windows      
elapsed=0s 
ewma=0.00ms 
trend=-0.000ms/tick 
tick=840
12:17:32.424747 
[engine] stage=prune  
      elapsed=0s 
ewma=0.00ms 
trend=-0.000ms/tick 
tick=870
12:17:32.425303 
[engine] 
stage=windows      
elapsed=0s 
ewma=0.00ms 
trend=-0.000ms/tick 
tick=870
12:18:32.476577 
[engine] stage=prune  
      elapsed=0s 
ewma=0.00ms 
trend=-0.000ms/tick 
tick=900
12:18:32.476577 
[engine] 
stage=windows      
elapsed=0s 
ewma=0.00ms 
trend=-0.000ms/tick 
tick=900
12:19:32.493679 
[engine] stage=prune  
      elapsed=0s 
ewma=0.00ms 
trend=-0.000ms/tick 
tick=930
12:19:32.493679 
[engine] 
stage=windows      
elapsed=0s 
ewma=0.00ms 
trend=-0.000ms/tick 
tick=930
12:20:32.508054 
[engine] stage=prune  
      elapsed=0s 
ewma=0.00ms 
trend=-0.000ms/tick 
tick=960
12:20:32.508054 
[engine] 
stage=windows      
elapsed=0s 
ewma=0.00ms 
trend=-0.000ms/tick 
tick=960
12:21:32.555499 
[engine] stage=prune  
      elapsed=0s 
ewma=0.00ms 
trend=-0.000ms/tick 
tick=990
12:21:32.555499 
[engine] 
stage=windows      
elapsed=0s 
ewma=0.00ms 
trend=-0.000ms/tick 
tick=990
12:22:32.595984 
[engine] stage=prune  
      elapsed=0s 
ewma=0.00ms 
trend=-0.000ms/tick 
tick=1020
12:22:32.596315 
[engine] 
stage=windows      
elapsed=0s 
ewma=0.00ms 
trend=-0.000ms/tick 
tick=1020
12:23:32.615064 
[engine] stage=prune  
      elapsed=0s 
ewma=0.00ms 
trend=-0.000ms/tick 
tick=1050
12:23:32.615064 
[engine] 
stage=windows      
elapsed=0s 
ewma=0.00ms 
trend=-0.000ms/tick 
tick=1050
12:24:32.634390 
[engine] stage=prune  
      elapsed=0s 
ewma=0.00ms 
trend=-0.000ms/tick 
tick=1080
12:24:32.634390 
[engine] 
stage=windows      
elapsed=0s 
ewma=0.00ms 
trend=-0.000ms/tick 
tick=1080
12:25:32.650204 
[engine] stage=prune  
      elapsed=0s 
ewma=0.00ms 
trend=-0.000ms/tick 
tick=1110
12:25:32.650204 
[engine] 
stage=windows      
elapsed=0s 
ewma=0.00ms 
trend=-0.000ms/tick 
tick=1110
12:26:32.670273 
[engine] stage=prune  
      elapsed=0s 
ewma=0.00ms 
trend=-0.000ms/tick 
tick=1140
12:26:32.670273 
[engine] 
stage=windows      
elapsed=0s 
ewma=0.00ms 
trend=-0.000ms/tick 
tick=1140
12:27:32.691202 
[engine] stage=prune  
      elapsed=0s 
ewma=0.00ms 
trend=-0.000ms/tick 
tick=1170
12:27:32.691202 
[engine] 
stage=windows      
elapsed=0s 
ewma=0.00ms 
trend=-0.000ms/tick 
tick=1170
12:28:32.711260 
[engine] stage=prune  
      elapsed=0s 
ewma=0.00ms 
trend=-0.000ms/tick 
tick=1200
12:28:32.711260 
[engine] 
stage=windows      
elapsed=0s 
ewma=0.00ms 
trend=-0.000ms/tick 
tick=1200
12:29:32.744102 
[engine] stage=prune  
      elapsed=0s 
ewma=0.00ms 
trend=-0.000ms/tick 
tick=1230
12:29:32.744102 
[engine] 
stage=windows      
elapsed=0s 
ewma=0.00ms 
trend=-0.000ms/tick 
tick=1230
12:30:32.770362 
[engine] stage=prune  
      elapsed=0s 
ewma=0.00ms 
trend=-0.000ms/tick 
tick=1260
12:30:32.771227 
[engine] 
stage=windows      
elapsed=0s 
ewma=0.00ms 
trend=-0.000ms/tick 
tick=1260
12:31:32.787472 
[engine] stage=prune  
      elapsed=0s 
ewma=0.00ms 
trend=-0.000ms/tick 
tick=1290
12:31:32.787472 
[engine] 
stage=windows      
elapsed=0s 
ewma=0.00ms 
trend=-0.000ms/tick 
tick=1290
12:32:32.802270 
[engine] stage=prune  
      elapsed=0s 
ewma=0.00ms 
trend=-0.000ms/tick 
tick=1320
12:32:32.804491 
[engine] 
stage=windows      
elapsed=2.22ms 
ewma=0.22ms 
trend=+0.011ms/tick 
tick=1320
12:33:32.834998 
[engine] stage=prune  
      elapsed=0s 
ewma=0.04ms 
trend=+0.001ms/tick 
tick=1350
12:33:32.834998 
[engine] 
stage=windows      
elapsed=0s 
ewma=0.01ms 
trend=-0.001ms/tick 
tick=1350
12:34:32.856408 
[engine] stage=prune  
      elapsed=0s 
ewma=0.00ms 
trend=-0.000ms/tick 
tick=1380
12:34:32.856408 
[engine] 
stage=windows      
elapsed=0s 
ewma=0.00ms 
trend=-0.000ms/tick 
tick=1380
12:35:32.885460 
[engine] stage=prune  
      elapsed=0s 
ewma=0.00ms 
trend=-0.000ms/tick 
tick=1410
12:35:32.886474 
[engine] 
stage=windows      
elapsed=0s 
ewma=0.00ms 
trend=-0.000ms/tick 
tick=1410
12:36:32.904058 
[engine] stage=prune  
      elapsed=0s 
ewma=0.00ms 
trend=-0.000ms/tick 
tick=1440
12:36:32.905693 
[engine] 
stage=windows      
elapsed=0s 
ewma=0.00ms 
trend=-0.000ms/tick 
tick=1440
12:37:32.927451 
[engine] stage=prune  
      elapsed=0s 
ewma=0.00ms 
trend=-0.000ms/tick 
tick=1470
12:37:32.927451 
[engine] 
stage=windows      
elapsed=0s 
ewma=0.00ms 
trend=-0.000ms/tick 
tick=1470
12:38:32.955214 
[engine] stage=prune  
      elapsed=0s 
ewma=0.00ms 
trend=-0.000ms/tick 
tick=1500
12:38:32.955214 
[engine] 
stage=windows      
elapsed=0s 
ewma=0.00ms 
trend=-0.000ms/tick 
tick=1500
12:39:32.974443 
[engine] stage=prune  
      elapsed=0s 
ewma=0.00ms 
trend=-0.000ms/tick 
tick=1530
12:39:32.974781 
[engine] 
stage=windows      
elapsed=0s 
ewma=0.00ms 
trend=-0.000ms/tick 
tick=1530
12:40:32.994760 
[engine] stage=prune  
      elapsed=399┬╡s 
ewma=0.04ms 
trend=+0.002ms/tick 
tick=1560
12:40:32.994760 
[engine] 
stage=windows      
elapsed=0s 
ewma=0.00ms 
trend=-0.000ms/tick 
tick=1560
12:40:37.566755 [ws] 
connect [::1]:61814
12:41:33.015329 
[engine] stage=prune  
      elapsed=0s 
ewma=0.00ms 
trend=-0.000ms/tick 
tick=1590
12:41:33.015329 
[engine] 
stage=windows      
elapsed=0s 
ewma=0.03ms 
trend=-0.003ms/tick 
tick=1590
12:42:33.038957 
[engine] stage=prune  
      elapsed=0s 
ewma=0.00ms 
trend=-0.000ms/tick 
tick=1620
12:42:33.038957 
[engine] 
stage=windows      
elapsed=0s 
ewma=0.04ms 
trend=-0.001ms/tick 
tick=1620
12:43:33.056533 
[engine] stage=prune  
      elapsed=0s 
ewma=0.00ms 
trend=-0.000ms/tick 
tick=1650
12:43:33.056533 
[engine] 
stage=windows      
elapsed=0s 
ewma=0.00ms 
trend=-0.001ms/tick 
tick=1650
12:44:33.086978 
[engine] stage=prune  
      elapsed=0s 
ewma=0.00ms 
trend=-0.000ms/tick 
tick=1680
12:44:33.086978 
[engine] 
stage=windows      
elapsed=0s 
ewma=0.00ms 
trend=-0.000ms/tick 
tick=1680
12:45:33.100647 
[engine] stage=prune  
      elapsed=0s 
ewma=0.00ms 
trend=-0.000ms/tick 
tick=1710
12:45:33.100647 
[engine] 
stage=windows      
elapsed=0s 
ewma=0.00ms 
trend=-0.000ms/tick 
tick=1710
12:46:33.118411 
[engine] stage=prune  
      elapsed=0s 
ewma=0.00ms 
trend=-0.000ms/tick 
tick=1740
12:46:33.118411 
[engine] 
stage=windows      
elapsed=0s 
ewma=0.00ms 
trend=-0.000ms/tick 
tick=1740
12:46:53.528996 [ws] 
connect [::1]:50608
12:47:33.140825 
[engine] stage=prune  
      elapsed=0s 
ewma=0.00ms 
trend=-0.000ms/tick 
tick=1770
12:47:33.140825 
[engine] 
stage=windows      
elapsed=0s 
ewma=0.20ms 
trend=+0.003ms/tick 
tick=1770
12:48:33.162143 
[engine] stage=prune  
      elapsed=0s 
ewma=0.00ms 
trend=-0.000ms/tick 
tick=1800
12:48:33.162143 
[engine] 
stage=windows      
elapsed=0s 
ewma=0.01ms 
trend=-0.003ms/tick 
tick=1800
12:49:33.185325 
[engine] stage=prune  
      elapsed=0s 
ewma=0.00ms 
trend=-0.000ms/tick 
tick=1830
12:49:33.185753 
[engine] 
stage=windows      
elapsed=0s 
ewma=0.00ms 
trend=-0.001ms/tick 
tick=1830
12:50:33.202600 
[engine] stage=prune  
      elapsed=0s 
ewma=0.00ms 
trend=-0.000ms/tick 
tick=1860
12:50:33.202600 
[engine] 
stage=windows      
elapsed=0s 
ewma=0.00ms 
trend=-0.000ms/tick 
tick=1860
12:51:33.216006 
[engine] stage=prune  
      elapsed=0s 
ewma=0.00ms 
trend=-0.000ms/tick 
tick=1890
12:51:33.216006 
[engine] 
stage=windows      
elapsed=0s 
ewma=0.00ms 
trend=-0.000ms/tick 
tick=1890
12:52:21.528059 [ws] 
connect [::1]:60046
12:52:29.532811 [ws] 
connect [::1]:52709
12:52:33.229222 
[engine] stage=prune  
      elapsed=0s 
ewma=0.00ms 
trend=-0.000ms/tick 
tick=1920
12:52:33.229222 
[engine] 
stage=windows      
elapsed=0s 
ewma=0.01ms 
trend=+0.000ms/tick 
tick=1920
12:53:33.253709 
[engine] stage=prune  
      elapsed=0s 
ewma=0.00ms 
trend=-0.000ms/tick 
tick=1950
12:53:33.253709 
[engine] 
stage=windows      
elapsed=0s 
ewma=0.06ms 
trend=+0.001ms/tick 
tick=1950
12:54:33.273163 
[engine] stage=prune  
      elapsed=0s 
ewma=0.00ms 
trend=-0.000ms/tick 
tick=1980
12:54:33.274810 
[engine] 
stage=windows      
elapsed=0s 
ewma=0.00ms 
trend=-0.001ms/tick 
tick=1980
12:55:33.292124 
[engine] stage=prune  
      elapsed=0s 
ewma=0.00ms 
trend=-0.000ms/tick 
tick=2010
12:55:33.292124 
[engine] 
stage=windows      
elapsed=0s 
ewma=0.00ms 
trend=-0.000ms/tick 
tick=2010
12:56:33.327135 
[engine] stage=prune  
      elapsed=0s 
ewma=0.00ms 
trend=-0.000ms/tick 
tick=2040
12:56:33.327135 
[engine] 
stage=windows      
elapsed=0s 
ewma=0.00ms 
trend=-0.000ms/tick 
tick=2040
12:57:33.344600 
[engine] stage=prune  
      elapsed=0s 
ewma=0.00ms 
trend=-0.000ms/tick 
tick=2070
12:57:33.344600 
[engine] 
stage=windows      
elapsed=0s 
ewma=0.00ms 
trend=-0.000ms/tick 
tick=2070
12:58:33.368742 
[engine] stage=prune  
      elapsed=0s 
ewma=0.00ms 
trend=-0.000ms/tick 
tick=2100
12:58:33.368742 
[engine] 
stage=windows      
elapsed=0s 
ewma=0.00ms 
trend=-0.000ms/tick 
tick=2100
12:59:33.382838 
[engine] stage=prune  
      elapsed=0s 
ewma=0.00ms 
trend=-0.000ms/tick 
tick=2130
12:59:33.383456 
[engine] 
stage=windows      
elapsed=0s 
ewma=0.00ms 
trend=-0.000ms/tick 
tick=2130
13:00:15.532320 [ws] 
connect [::1]:52380
13:00:33.952637 
[engine] stage=prune  
      elapsed=0s 
ewma=0.00ms 
trend=-0.000ms/tick 
tick=2160
13:00:33.952637 
[engine] 
stage=windows      
elapsed=0s 
ewma=0.00ms 
trend=-0.000ms/tick 
tick=2160
13:01:21.529802 [ws] 
connect [::1]:64678
13:01:34.358915 
[engine] stage=prune  
      elapsed=0s 
ewma=0.00ms 
trend=-0.000ms/tick 
tick=2190
13:01:34.359985 
[engine] 
stage=windows      
elapsed=0s 
ewma=0.00ms 
trend=-0.000ms/tick 
tick=2190
13:02:29.522899 [ws] 
connect [::1]:56959
13:02:34.406894 
[engine] stage=prune  
      elapsed=0s 
ewma=0.00ms 
trend=-0.000ms/tick 
tick=2220
13:02:34.406894 
[engine] 
stage=windows      
elapsed=0s 
ewma=0.00ms 
trend=-0.000ms/tick 
tick=2220
13:19:51.062079 
[engine] stage=prune  
      elapsed=0s 
ewma=0.00ms 
trend=-0.000ms/tick 
tick=2250
13:19:51.063249 
[engine] 
stage=windows      
elapsed=0s 
ewma=0.00ms 
trend=-0.000ms/tick 
tick=2250
13:19:53.556334 [ws] 
connect [::1]:52623
15:20:48.567999 [ws] 
connect [::1]:60836
15:55:06.529786 [ws] 
connect [::1]:64158
15:55:52.354791 
[engine] stage=prune  
      elapsed=0s 
ewma=0.00ms 
trend=-0.000ms/tick 
tick=2280
15:55:52.354791 
[engine] 
stage=windows      
elapsed=0s 
ewma=0.00ms 
trend=-0.000ms/tick 
tick=2280
15:56:52.396402 
[engine] stage=prune  
      elapsed=0s 
ewma=0.00ms 
trend=-0.000ms/tick 
tick=2310
15:56:52.396402 
[engine] 
stage=windows      
elapsed=0s 
ewma=0.00ms 
trend=-0.000ms/tick 
tick=2310
15:57:52.416533 
[engine] stage=prune  
      elapsed=0s 
ewma=0.00ms 
trend=-0.000ms/tick 
tick=2340
15:57:52.416533 
[engine] 
stage=windows      
elapsed=0s 
ewma=0.00ms 
trend=-0.000ms/tick 
tick=2340
15:58:52.431587 
[engine] stage=prune  
      elapsed=0s 
ewma=0.00ms 
trend=-0.000ms/tick 
tick=2370
15:58:52.431587 
[engine] 
stage=windows      
elapsed=0s 
ewma=0.00ms 
trend=-0.000ms/tick 
tick=2370
15:59:52.475266 
[engine] stage=prune  
      elapsed=0s 
ewma=0.00ms 
trend=-0.000ms/tick 
tick=2400
15:59:52.475266 
[engine] 
stage=windows      
elapsed=0s 
ewma=0.00ms 
trend=-0.000ms/tick 
tick=2400
16:00:52.510496 
[engine] stage=prune  
      elapsed=0s 
ewma=0.00ms 
trend=-0.000ms/tick 
tick=2430
16:00:52.510496 
[engine] 
stage=windows      
elapsed=0s 
ewma=0.00ms 
trend=-0.000ms/tick 
tick=2430
16:01:52.531222 
[engine] stage=prune  
      elapsed=0s 
ewma=0.00ms 
trend=-0.000ms/tick 
tick=2460
16:01:52.531222 
[engine] 
stage=windows      
elapsed=0s 
ewma=0.00ms 
trend=-0.000ms/tick 
tick=2460
16:02:52.553221 
[engine] stage=prune  
      elapsed=0s 
ewma=0.00ms 
trend=-0.000ms/tick 
tick=2490
16:02:52.553221 
[engine] 
stage=windows      
elapsed=0s 
ewma=0.00ms 
trend=-0.000ms/tick 
tick=2490
16:06:52.772978 [ws] 
connect [::1]:58218
16:07:40.826562 
[engine] stage=prune  
      elapsed=0s 
ewma=0.00ms 
trend=-0.000ms/tick 
tick=2520
16:07:40.826562 
[engine] 
stage=windows      
elapsed=0s 
ewma=0.38ms 
trend=-0.035ms/tick 
tick=2520
16:08:40.865206 
[engine] stage=prune  
      elapsed=0s 
ewma=0.00ms 
trend=-0.000ms/tick 
tick=2550
16:08:40.865206 
[engine] 
stage=windows      
elapsed=0s 
ewma=0.02ms 
trend=-0.014ms/tick 
tick=2550
16:09:40.936849 
[engine] stage=prune  
      elapsed=0s 
ewma=0.00ms 
trend=-0.000ms/tick 
tick=2580
16:09:40.936849 
[engine] 
stage=windows      
elapsed=0s 
ewma=0.00ms 
trend=-0.003ms/tick 
tick=2580
16:10:40.954797 
[engine] stage=prune  
      elapsed=0s 
ewma=0.00ms 
trend=-0.000ms/tick 
tick=2610
16:10:40.954797 
[engine] 
stage=windows      
elapsed=0s 
ewma=0.00ms 
trend=-0.001ms/tick 
tick=2610
16:11:40.974406 
[engine] stage=prune  
      elapsed=0s 
ewma=0.01ms 
trend=-0.000ms/tick 
tick=2640
16:11:40.974406 
[engine] 
stage=windows      
elapsed=0s 
ewma=0.00ms 
trend=-0.000ms/tick 
tick=2640
16:12:41.018821 
[engine] stage=prune  
      elapsed=0s 
ewma=0.00ms 
trend=-0.000ms/tick 
tick=2670
16:12:41.018821 
[engine] 
stage=windows      
elapsed=0s 
ewma=0.00ms 
trend=-0.000ms/tick 
tick=2670
16:13:41.039637 
[engine] stage=prune  
      elapsed=0s 
ewma=0.00ms 
trend=-0.000ms/tick 
tick=2700
16:13:41.040189 
[engine] 
stage=windows      
elapsed=0s 
ewma=0.00ms 
trend=-0.000ms/tick 
tick=2700
16:14:41.061286 
[engine] stage=prune  
      elapsed=0s 
ewma=0.00ms 
trend=-0.000ms/tick 
tick=2730
16:14:41.061286 
[engine] 
stage=windows      
elapsed=0s 
ewma=0.00ms 
trend=-0.000ms/tick 
tick=2730
16:15:41.077019 
[engine] stage=prune  
      elapsed=0s 
ewma=0.00ms 
trend=-0.000ms/tick 
tick=2760
16:15:41.077019 
[engine] 
stage=windows      
elapsed=0s 
ewma=0.00ms 
trend=-0.000ms/tick 
tick=2760
16:16:41.093766 
[engine] stage=prune  
      elapsed=0s 
ewma=0.00ms 
trend=-0.000ms/tick 
tick=2790
16:16:41.093766 
[engine] 
stage=windows      
elapsed=0s 
ewma=0.00ms 
trend=-0.000ms/tick 
tick=2790
16:17:41.119050 
[engine] stage=prune  
      elapsed=0s 
ewma=0.00ms 
trend=-0.000ms/tick 
tick=2820
16:17:41.119050 
[engine] 
stage=windows      
elapsed=0s 
ewma=0.00ms 
trend=-0.000ms/tick 
tick=2820
16:18:41.139062 
[engine] stage=prune  
      elapsed=0s 
ewma=0.00ms 
trend=-0.000ms/tick 
tick=2850
16:18:41.139062 
[engine] 
stage=windows      
elapsed=0s 
ewma=0.00ms 
trend=-0.000ms/tick 
tick=2850
16:19:41.168343 
[engine] stage=prune  
      elapsed=0s 
ewma=0.00ms 
trend=-0.000ms/tick 
tick=2880
16:19:41.168343 
[engine] 
stage=windows      
elapsed=0s 
ewma=0.00ms 
trend=-0.000ms/tick 
tick=2880
16:20:41.187368 
[engine] stage=prune  
      elapsed=0s 
ewma=0.00ms 
trend=-0.000ms/tick 
tick=2910
16:20:41.187368 
[engine] 
stage=windows      
elapsed=0s 
ewma=0.00ms 
trend=-0.000ms/tick 
tick=2910
16:21:41.207474 
[engine] stage=prune  
      elapsed=0s 
ewma=0.00ms 
trend=-0.000ms/tick 
tick=2940
16:21:41.207474 
[engine] 
stage=windows      
elapsed=0s 
ewma=0.01ms 
trend=-0.000ms/tick 
tick=2940
16:22:41.230759 
[engine] stage=prune  
      elapsed=0s 
ewma=0.00ms 
trend=-0.000ms/tick 
tick=2970
16:22:41.230759 
[engine] 
stage=windows      
elapsed=0s 
ewma=0.00ms 
trend=-0.000ms/tick 
tick=2970
16:23:41.253418 
[engine] stage=prune  
      elapsed=0s 
ewma=0.00ms 
trend=-0.000ms/tick 
tick=3000
16:23:41.253724 
[engine] 
stage=windows      
elapsed=0s 
ewma=0.00ms 
trend=-0.000ms/tick 
tick=3000
16:24:41.276583 
[engine] stage=prune  
      elapsed=0s 
ewma=0.00ms 
trend=-0.000ms/tick 
tick=3030
16:24:41.276583 
[engine] 
stage=windows      
elapsed=0s 
ewma=0.00ms 
trend=-0.000ms/tick 
tick=3030
16:25:41.297009 
[engine] stage=prune  
      elapsed=0s 
ewma=0.00ms 
trend=-0.000ms/tick 
tick=3060
16:25:41.297009 
[engine] 
stage=windows      
elapsed=0s 
ewma=0.00ms 
trend=-0.000ms/tick 
tick=3060
16:26:41.315478 
[engine] stage=prune  
      elapsed=0s 
ewma=0.00ms 
trend=-0.000ms/tick 
tick=3090
16:26:41.315478 
[engine] 
stage=windows      
elapsed=0s 
ewma=0.00ms 
trend=-0.000ms/tick 
tick=3090
16:27:41.333997 
[engine] stage=prune  
      elapsed=0s 
ewma=0.00ms 
trend=-0.000ms/tick 
tick=3120
16:27:41.333997 
[engine] 
stage=windows      
elapsed=0s 
ewma=0.00ms 
trend=-0.000ms/tick 
tick=3120
16:28:41.355838 
[engine] stage=prune  
      elapsed=0s 
ewma=0.00ms 
trend=-0.000ms/tick 
tick=3150
16:28:41.355838 
[engine] 
stage=windows      
elapsed=0s 
ewma=0.00ms 
trend=-0.000ms/tick 
tick=3150
16:29:41.397399 
[engine] stage=prune  
      elapsed=0s 
ewma=0.02ms 
trend=+0.000ms/tick 
tick=3180
16:29:41.397399 
[engine] 
stage=windows      
elapsed=0s 
ewma=0.00ms 
trend=-0.000ms/tick 
tick=3180
16:30:41.417073 
[engine] stage=prune  
      elapsed=0s 
ewma=0.00ms 
trend=-0.000ms/tick 
tick=3210
16:30:41.417073 
[engine] 
stage=windows      
elapsed=0s 
ewma=0.00ms 
trend=-0.000ms/tick 
tick=3210
16:31:41.441206 
[engine] stage=prune  
      elapsed=0s 
ewma=0.00ms 
trend=-0.000ms/tick 
tick=3240
16:31:41.441206 
[engine] 
stage=windows      
elapsed=0s 
ewma=0.00ms 
trend=-0.000ms/tick 
tick=3240
16:32:41.459853 
[engine] stage=prune  
      elapsed=0s 
ewma=0.00ms 
trend=-0.000ms/tick 
tick=3270
16:32:41.459853 
[engine] 
stage=windows      
elapsed=0s 
ewma=0.00ms 
trend=-0.000ms/tick 
tick=3270
16:33:41.499197 
[engine] stage=prune  
      elapsed=0s 
ewma=0.00ms 
trend=-0.000ms/tick 
tick=3300
16:33:41.499197 
[engine] 
stage=windows      
elapsed=0s 
ewma=0.00ms 
trend=-0.000ms/tick 
tick=3300
16:34:41.519840 
[engine] stage=prune  
      elapsed=0s 
ewma=0.00ms 
trend=-0.000ms/tick 
tick=3330
16:34:41.519840 
[engine] 
stage=windows      
elapsed=0s 
ewma=0.00ms 
trend=-0.000ms/tick 
tick=3330
16:35:41.537708 
[engine] stage=prune  
      elapsed=0s 
ewma=0.00ms 
trend=-0.000ms/tick 
tick=3360
16:35:41.537708 
[engine] 
stage=windows      
elapsed=0s 
ewma=0.00ms 
trend=-0.000ms/tick 
tick=3360
16:36:41.556676 
[engine] stage=prune  
      elapsed=0s 
ewma=0.00ms 
trend=-0.000ms/tick 
tick=3390
16:36:41.556676 
[engine] 
stage=windows      
elapsed=0s 
ewma=0.00ms 
trend=-0.000ms/tick 
tick=3390
16:37:41.573322 
[engine] stage=prune  
      elapsed=0s 
ewma=0.00ms 
trend=-0.000ms/tick 
tick=3420
16:37:41.590852 
[engine] 
stage=windows      
elapsed=0s 
ewma=0.00ms 
trend=-0.000ms/tick 
tick=3420
16:38:41.613031 
[engine] stage=prune  
      elapsed=0s 
ewma=0.00ms 
trend=-0.000ms/tick 
tick=3450
16:38:41.613449 
[engine] 
stage=windows      
elapsed=0s 
ewma=0.02ms 
trend=-0.001ms/tick 
tick=3450
16:39:41.635805 
[engine] stage=prune  
      elapsed=0s 
ewma=0.00ms 
trend=-0.000ms/tick 
tick=3480
16:39:41.635805 
[engine] 
stage=windows      
elapsed=0s 
ewma=0.00ms 
trend=-0.001ms/tick 
tick=3480
16:40:41.655602 
[engine] stage=prune  
      elapsed=0s 
ewma=0.00ms 
trend=-0.000ms/tick 
tick=3510
16:40:41.655602 
[engine] 
stage=windows      
elapsed=0s 
ewma=0.00ms 
trend=-0.000ms/tick 
tick=3510
16:41:41.676501 
[engine] stage=prune  
      elapsed=0s 
ewma=0.00ms 
trend=-0.000ms/tick 
tick=3540
16:41:41.676501 
[engine] 
stage=windows      
elapsed=0s 
ewma=0.00ms 
trend=-0.000ms/tick 
tick=3540
16:42:41.699709 
[engine] stage=prune  
      elapsed=0s 
ewma=0.00ms 
trend=-0.000ms/tick 
tick=3570
16:42:41.699709 
[engine] 
stage=windows      
elapsed=0s 
ewma=0.00ms 
trend=-0.000ms/tick 
tick=3570
16:43:41.716874 
[engine] stage=prune  
      elapsed=0s 
ewma=0.00ms 
trend=-0.000ms/tick 
tick=3600
16:43:41.716874 
[engine] 
stage=windows      
elapsed=0s 
ewma=0.00ms 
trend=-0.000ms/tick 
tick=3600
16:44:41.732006 
[engine] stage=prune  
      elapsed=0s 
ewma=0.00ms 
trend=-0.000ms/tick 
tick=3630
16:44:41.732006 
[engine] 
stage=windows      
elapsed=0s 
ewma=0.00ms 
trend=-0.000ms/tick 
tick=3630
16:45:41.751918 
[engine] stage=prune  
      elapsed=0s 
ewma=0.00ms 
trend=-0.000ms/tick 
tick=3660
16:45:41.751918 
[engine] 
stage=windows      
elapsed=0s 
ewma=0.00ms 
trend=-0.000ms/tick 
tick=3660
16:46:41.782232 
[engine] stage=prune  
      elapsed=0s 
ewma=0.00ms 
trend=-0.000ms/tick 
tick=3690
16:46:41.782232 
[engine] 
stage=windows      
elapsed=0s 
ewma=0.00ms 
trend=-0.000ms/tick 
tick=3690
16:47:41.799536 
[engine] stage=prune  
      elapsed=0s 
ewma=0.00ms 
trend=-0.000ms/tick 
tick=3720
16:47:41.799536 
[engine] 
stage=windows      
elapsed=0s 
ewma=0.00ms 
trend=-0.000ms/tick 
tick=3720
16:48:41.815286 
[engine] stage=prune  
      elapsed=0s 
ewma=0.00ms 
trend=-0.000ms/tick 
tick=3750
16:48:41.815286 
[engine] 
stage=windows      
elapsed=0s 
ewma=0.00ms 
trend=-0.000ms/tick 
tick=3750
16:49:41.831275 
[engine] stage=prune  
      elapsed=0s 
ewma=0.00ms 
trend=-0.000ms/tick 
tick=3780
16:49:41.833579 
[engine] 
stage=windows      
elapsed=0s 
ewma=0.00ms 
trend=-0.000ms/tick 
tick=3780
16:50:41.851833 
[engine] stage=prune  
      elapsed=0s 
ewma=0.00ms 
trend=-0.000ms/tick 
tick=3810
16:50:41.851833 
[engine] 
stage=windows      
elapsed=0s 
ewma=0.00ms 
trend=-0.000ms/tick 
tick=3810
16:51:41.871156 
[engine] stage=prune  
      elapsed=0s 
ewma=0.00ms 
trend=-0.000ms/tick 
tick=3840
16:51:41.871156 
[engine] 
stage=windows      
elapsed=0s 
ewma=0.00ms 
trend=-0.000ms/tick 
tick=3840
16:52:41.894311 
[engine] stage=prune  
      elapsed=0s 
ewma=0.00ms 
trend=-0.000ms/tick 
tick=3870
16:52:41.894311 
[engine] 
stage=windows      
elapsed=0s 
ewma=0.00ms 
trend=-0.000ms/tick 
tick=3870
16:53:41.913177 
[engine] stage=prune  
      elapsed=0s 
ewma=0.00ms 
trend=-0.000ms/tick 
tick=3900
16:53:41.913177 
[engine] 
stage=windows      
elapsed=0s 
ewma=0.00ms 
trend=-0.000ms/tick 
tick=3900
16:54:41.939576 
[engine] stage=prune  
      elapsed=0s 
ewma=0.00ms 
trend=-0.000ms/tick 
tick=3930
16:54:41.939576 
[engine] 
stage=windows      
elapsed=0s 
ewma=0.00ms 
trend=-0.000ms/tick 
tick=3930
16:55:41.982314 
[engine] stage=prune  
      elapsed=0s 
ewma=0.00ms 
trend=-0.000ms/tick 
tick=3960
16:55:41.982314 
[engine] 
stage=windows      
elapsed=0s 
ewma=0.00ms 
trend=-0.000ms/tick 
tick=3960
16:56:42.002528 
[engine] stage=prune  
      elapsed=0s 
ewma=0.00ms 
trend=-0.000ms/tick 
tick=3990
16:56:42.002528 
[engine] 
stage=windows      
elapsed=0s 
ewma=0.00ms 
trend=-0.000ms/tick 
tick=3990
16:57:42.021715 
[engine] stage=prune  
      elapsed=0s 
ewma=0.00ms 
trend=-0.000ms/tick 
tick=4020
16:57:42.021715 
[engine] 
stage=windows      
elapsed=0s 
ewma=0.00ms 
trend=-0.000ms/tick 
tick=4020
16:58:42.048670 
[engine] stage=prune  
      elapsed=0s 
ewma=0.00ms 
trend=-0.000ms/tick 
tick=4050
16:58:42.048670 
[engine] 
stage=windows      
elapsed=0s 
ewma=0.00ms 
trend=-0.000ms/tick 
tick=4050
16:59:42.069794 
[engine] stage=prune  
      elapsed=0s 
ewma=0.00ms 
trend=-0.000ms/tick 
tick=4080
16:59:42.070491 
[engine] 
stage=windows      
elapsed=0s 
ewma=0.00ms 
trend=-0.000ms/tick 
tick=4080
17:00:42.094034 
[engine] stage=prune  
      elapsed=0s 
ewma=0.00ms 
trend=-0.000ms/tick 
tick=4110
17:00:42.094034 
[engine] 
stage=windows      
elapsed=0s 
ewma=0.00ms 
trend=-0.000ms/tick 
tick=4110
17:01:42.112499 
[engine] stage=prune  
      elapsed=0s 
ewma=0.00ms 
trend=-0.000ms/tick 
tick=4140
17:01:42.112499 
[engine] 
stage=windows      
elapsed=0s 
ewma=0.00ms 
trend=-0.000ms/tick 
tick=4140
17:02:42.131627 
[engine] stage=prune  
      elapsed=0s 
ewma=0.00ms 
trend=-0.000ms/tick 
tick=4170
17:02:42.131627 
[engine] 
stage=windows      
elapsed=0s 
ewma=0.00ms 
trend=-0.000ms/tick 
tick=4170
17:03:42.154473 
[engine] stage=prune  
      elapsed=0s 
ewma=0.00ms 
trend=-0.000ms/tick 
tick=4200
17:03:42.154473 
[engine] 
stage=windows      
elapsed=0s 
ewma=0.00ms 
trend=-0.000ms/tick 
tick=4200
17:04:42.171577 
[engine] stage=prune  
      elapsed=0s 
ewma=0.00ms 
trend=-0.000ms/tick 
tick=4230
17:04:42.171577 
[engine] 
stage=windows      
elapsed=0s 
ewma=0.00ms 
trend=-0.000ms/tick 
tick=4230
17:05:42.213393 
[engine] stage=prune  
      elapsed=0s 
ewma=0.00ms 
trend=-0.000ms/tick 
tick=4260
17:05:42.213393 
[engine] 
stage=windows      
elapsed=0s 
ewma=0.00ms 
trend=-0.000ms/tick 
tick=4260
17:06:42.241331 
[engine] stage=prune  
      elapsed=0s 
ewma=0.00ms 
trend=-0.000ms/tick 
tick=4290
17:06:42.241331 
[engine] 
stage=windows      
elapsed=0s 
ewma=0.00ms 
trend=-0.000ms/tick 
tick=4290
17:07:42.272598 
[engine] stage=prune  
      elapsed=0s 
ewma=0.00ms 
trend=-0.000ms/tick 
tick=4320
17:07:42.272598 
[engine] 
stage=windows      
elapsed=0s 
ewma=0.00ms 
trend=-0.000ms/tick 
tick=4320
17:08:42.311377 
[engine] stage=prune  
      elapsed=0s 
ewma=0.00ms 
trend=-0.000ms/tick 
tick=4350
17:08:42.311377 
[engine] 
stage=windows      
elapsed=0s 
ewma=0.00ms 
trend=-0.000ms/tick 
tick=4350
17:09:42.331506 
[engine] stage=prune  
      elapsed=0s 
ewma=0.00ms 
trend=-0.000ms/tick 
tick=4380
17:09:42.331506 
[engine] 
stage=windows      
elapsed=0s 
ewma=0.00ms 
trend=-0.000ms/tick 
tick=4380
17:10:42.350476 
[engine] stage=prune  
      elapsed=0s 
ewma=0.00ms 
trend=-0.000ms/tick 
tick=4410
17:10:42.351231 
[engine] 
stage=windows      
elapsed=755┬╡s 
ewma=0.08ms 
trend=+0.004ms/tick 
tick=4410
17:11:42.389551 
[engine] stage=prune  
      elapsed=0s 
ewma=0.00ms 
trend=-0.000ms/tick 
tick=4440
17:11:42.389551 
[engine] 
stage=windows      
elapsed=0s 
ewma=0.00ms 
trend=-0.000ms/tick 
tick=4440
17:12:42.424379 
[engine] stage=prune  
      elapsed=0s 
ewma=0.00ms 
trend=-0.000ms/tick 
tick=4470
17:12:42.424379 
[engine] 
stage=windows      
elapsed=0s 
ewma=0.00ms 
trend=-0.000ms/tick 
tick=4470
17:13:42.443811 
[engine] stage=prune  
      elapsed=0s 
ewma=0.00ms 
trend=-0.000ms/tick 
tick=4500
17:13:42.443811 
[engine] 
stage=windows      
elapsed=0s 
ewma=0.00ms 
trend=-0.000ms/tick 
tick=4500
17:14:42.461550 
[engine] stage=prune  
      elapsed=0s 
ewma=0.00ms 
trend=-0.000ms/tick 
tick=4530
17:14:42.461550 
[engine] 
stage=windows      
elapsed=0s 
ewma=0.00ms 
trend=-0.000ms/tick 
tick=4530
17:15:42.481078 
[engine] stage=prune  
      elapsed=0s 
ewma=0.00ms 
trend=-0.000ms/tick 
tick=4560
17:15:42.481078 
[engine] 
stage=windows      
elapsed=0s 
ewma=0.00ms 
trend=-0.000ms/tick 
tick=4560
17:16:42.497918 
[engine] stage=prune  
      elapsed=0s 
ewma=0.00ms 
trend=-0.000ms/tick 
tick=4590
17:16:42.497918 
[engine] 
stage=windows      
elapsed=0s 
ewma=0.00ms 
trend=-0.000ms/tick 
tick=4590
17:17:42.539701 
[engine] stage=prune  
      elapsed=0s 
ewma=0.00ms 
trend=-0.000ms/tick 
tick=4620
17:17:42.539701 
[engine] 
stage=windows      
elapsed=0s 
ewma=1.07ms 
trend=+0.033ms/tick 
tick=4620
17:18:42.586979 
[engine] stage=prune  
      elapsed=0s 
ewma=0.04ms 
trend=+0.001ms/tick 
tick=4650
17:18:42.586979 
[engine] 
stage=windows      
elapsed=0s 
ewma=0.05ms 
trend=-0.011ms/tick 
tick=4650
17:19:42.606267 
[engine] stage=prune  
      elapsed=0s 
ewma=0.00ms 
trend=-0.000ms/tick 
tick=4680
17:19:42.606267 
[engine] 
stage=windows      
elapsed=0s 
ewma=0.00ms 
trend=-0.003ms/tick 
tick=4680
17:20:42.629555 
[engine] stage=prune  
      elapsed=0s 
ewma=0.00ms 
trend=-0.000ms/tick 
tick=4710
17:20:42.629555 
[engine] 
stage=windows      
elapsed=0s 
ewma=0.00ms 
trend=-0.001ms/tick 
tick=4710
17:21:42.661536 
[engine] stage=prune  
      elapsed=0s 
ewma=0.00ms 
trend=-0.000ms/tick 
tick=4740
17:21:42.661536 
[engine] 
stage=windows      
elapsed=0s 
ewma=0.00ms 
trend=-0.000ms/tick 
tick=4740
17:22:42.680666 
[engine] stage=prune  
      elapsed=0s 
ewma=0.00ms 
trend=-0.000ms/tick 
tick=4770
17:22:42.680666 
[engine] 
stage=windows      
elapsed=0s 
ewma=0.00ms 
trend=-0.000ms/tick 
tick=4770
17:23:42.711126 
[engine] stage=prune  
      elapsed=0s 
ewma=0.00ms 
trend=-0.000ms/tick 
tick=4800
17:23:42.711126 
[engine] 
stage=windows      
elapsed=0s 
ewma=0.00ms 
trend=-0.000ms/tick 
tick=4800
17:24:42.728027 
[engine] stage=prune  
      elapsed=0s 
ewma=0.00ms 
trend=-0.000ms/tick 
tick=4830
17:24:42.728027 
[engine] 
stage=windows      
elapsed=0s 
ewma=0.00ms 
trend=-0.000ms/tick 
tick=4830
17:25:42.763217 
[engine] stage=prune  
      elapsed=0s 
ewma=0.00ms 
trend=-0.000ms/tick 
tick=4860
17:25:42.763217 
[engine] 
stage=windows      
elapsed=0s 
ewma=0.00ms 
trend=-0.000ms/tick 
tick=4860
